$ prisma generate && next build
Loaded Prisma config from prisma.config.ts.

Prisma schema loaded from prisma\schema.prisma.

✔ Generated Prisma Client (v7.8.0) to .\..\..\node_modules\.pnpm\@prisma+client@7.8.0_prisma_12a6afd4e8168cdd815b06207f03ccf9\node_modules\@prisma\client in 55ms

Start by importing your Prisma Client (See: https://pris.ly/d/importing-client)


▲ Next.js 16.2.9 (Turbopack)
- Environments: .env.local, .env

  Creating an optimized production build ...
✓ Compiled successfully in 3.6s
  Running TypeScript ...
  Finished TypeScript in 2.8s ...
  Collecting page data using 14 workers ...
  Generating static pages using 14 workers (0/11) ...
  Generating static pages using 14 workers (2/11) 
  Generating static pages using 14 workers (5/11) 
  Generating static pages using 14 workers (8/11) 
✓ Generating static pages using 14 workers (11/11) in 713ms
  Finalizing page optimization ...

Route (app)
┌ ƒ /
├ ○ /_not-found
├ ƒ /api/auth/[...all]
├ ƒ /api/internal/users/by-discord
├ ƒ /api/internal/users/discord-for-users
├ ƒ /api/session
├ ƒ /api/users
├ ƒ /api/users/[id]
├ ƒ /api/users/batch
├ ƒ /api/users/search
├ ○ /login
└ ○ /signup


○  (Static)   prerendered as static content
ƒ  (Dynamic)  server-rendered on demand

